test-fn0 () { :; }
test-fn1 () { :; }
test-fn2 () { :; }