test-fn () { ( arg1="$1"; shift; arg2="$1"; shift; 
    echo "$arg1, $arg2"
) };