test-fn () { ( arg0="$1"; shift; arg1="$1"; shift; 
    echo "$@"
) };