test-fn () { ( arg1="$1"; shift; 
    echo "$arg1"
) };